// Jest Snapshot v1, https://goo.gl/fbAQLP

exports[`getBackOffDate duration should resolve with 1 minutes added 1`] = `2020-01-01T07:01:00.000Z`;

exports[`getBackOffDate duration should resolve with 3 minutes added 1`] = `2020-01-01T07:03:00.000Z`;

exports[`getBackOffDate duration should resolve with 30 minutes added 1`] = `2020-01-01T07:15:00.000Z`;

exports[`getBackOffDate grantType should resolve for DEVICE_PIN 1`] = `2020-01-01T07:01:00.000Z`;

exports[`getBackOffDate grantType should resolve for DEVICE_SECRET 1`] = `2020-01-01T07:01:00.000Z`;

exports[`getBackOffDate grantType should resolve for EMAIL_LINK 1`] = `2020-01-01T07:01:00.000Z`;

exports[`getBackOffDate grantType should resolve for EMAIL_OTP 1`] = `2020-01-01T07:01:00.000Z`;

exports[`getBackOffDate grantType should resolve for MULTI_FACTOR_OOB 1`] = `2020-01-01T07:01:00.000Z`;

exports[`getBackOffDate grantType should resolve for MULTI_FACTOR_OTP 1`] = `2020-01-01T07:01:00.000Z`;

exports[`getBackOffDate grantType should resolve for PASSWORD 1`] = `2020-01-01T07:01:00.000Z`;

exports[`getBackOffDate grantType should resolve for REFRESH_TOKEN 1`] = `2020-01-01T07:01:00.000Z`;
