// Jest Snapshot v1, https://goo.gl/fbAQLP

exports[`deviceMiddleware should successfully set device on ctx 1`] = `
Device {
  "_accountId": "accountId",
  "_created": 2020-01-01T07:00:00.000Z,
  "_events": Array [],
  "_id": "be3a62d1-24a0-401c-96dd-3aff95356811",
  "_name": null,
  "_pin": Object {
    "signature": null,
    "updated": null,
  },
  "_publicKey": "-----BEGIN RSA PUBLIC KEY-----
MIICCgKCAgEAs7ydT9Ndt1Idx9NE2zMhAcecJGUcIlbWeXEtZJA7aKZDDhxYaEGB
WZvX+GRndllnPrOgzoxukITGYvj88bnrGZVZX2ckjIVUR1NxDrhyMjqnn4yDz4UB
Q3Zqt6Gz6DcE+Y9ro6kyhu01KPMyUlhDQAUdwpIJA3saUJ5KZj6ai4NTuXbLqzly
+3H5TMQY4WjrQwj/KRuq8LBEsR4YGaiaFZjHaf5n8+s2Gim/dDgAbIsZS+lGTwgx
nigd7dKP9tG6q3GwNPNBSuuQh6rVbBKbmzBa5rO9SmeZ+HLUyClpzhZ+Hp8yOGAn
qQFZZnokJ6dhxDEQcxPV2HUsYpi3oYSSomXsLgYSja1VT7CgeBchWj07ux6MnagM
AB1+O7O2yzu0LYJc72BQOJaSIrBCh1FcPjM0KC1CPocux2JtqgDL/Td+V5HbLU9n
ZQQoYDcrK3ozSne9ojioUWEwdBEzQmj9e3Wei87EyLe5bn/6tDbg17R7ZlVy2iVs
IFziLHrv3VUIbESy5tTCdzK/qzFR0hlxejT12CTUSkN5eKmfz0pfzt+w8ldEfpws
lBUcoS4sBIR3urpvx1EKM1xaUHfchhIKnY5KGTEM+5rJVwlDq+3lLcrJI3AErTAX
gSR6fcZmKuI4nCfTKl3ykozcPwpEmfRgSBDHKwDJe6ZbK0sL4ScVookCAwEAAQ==
-----END RSA PUBLIC KEY-----
",
  "_secret": null,
  "_updated": 2020-01-01T07:00:00.000Z,
  "_version": 0,
}
`;
