// Jest Snapshot v1, https://goo.gl/fbAQLP

exports[`tokenValidationMiddleware should successfully set tokens on ctx 1`] = `
Object {
  "authorization": Object {
    "audience": "authorization",
    "clientId": "clientId",
    "deviceId": "deviceId",
    "token": "authorizationToken",
  },
  "multiFactor": Object {
    "audience": "multi-factor",
    "clientId": "clientId",
    "deviceId": "deviceId",
    "token": "multiFactorToken",
  },
  "refresh": Object {
    "audience": "refresh",
    "clientId": "clientId",
    "deviceId": "deviceId",
    "token": "refreshToken",
  },
}
`;
