// Jest Snapshot v1, https://goo.gl/fbAQLP

exports[`getAccountInformation should return account information 1`] = `
Object {
  "created": 2020-01-01T07:00:00.000Z,
  "devices": Array [
    "devices",
  ],
  "email": "email@lindorm.io",
  "hasOtp": false,
  "hasPassword": false,
  "permission": "user",
  "sessions": Array [
    "sessions",
  ],
  "updated": 2020-01-01T07:00:00.000Z,
}
`;
