// Jest Snapshot v1, https://goo.gl/fbAQLP

exports[`updateAccountEmail should update account email 1`] = `
Object {
  "authentication": Object {
    "account": Object {
      "data": Array [
        Object {
          "created": 2020-01-01T07:00:00.000Z,
          "email": "email@lindorm.io",
          "events": Array [
            Object {
              "date": 2020-01-01T07:00:00.000Z,
              "name": "account_created",
              "payload": Object {
                "created": 2020-01-01T07:00:00.000Z,
                "email": "email@lindorm.io",
                "otp": Object {
                  "signature": null,
                  "uri": null,
                },
                "password": Object {
                  "signature": null,
                  "updated": null,
                },
                "permission": "user",
                "updated": 2020-01-01T07:00:00.000Z,
              },
            },
            Object {
              "date": 2020-01-01T07:00:00.000Z,
              "name": "account_email_changed",
              "payload": Object {
                "email": "email@lindorm.io",
              },
            },
          ],
          "id": "be3a62d1-24a0-401c-96dd-3aff95356811",
          "identityLinked": false,
          "otp": Object {
            "signature": null,
            "uri": null,
          },
          "password": Object {
            "signature": null,
            "updated": null,
          },
          "permission": "user",
          "updated": 2020-01-01T07:00:00.000Z,
          "version": 1,
        },
      ],
      "indices": Array [
        Object {
          "index": Object {
            "id": 1,
          },
          "options": Object {
            "unique": true,
          },
        },
      ],
    },
  },
}
`;
