// Jest Snapshot v1, https://goo.gl/fbAQLP

exports[`config should provide configuration 1`] = `
Object {
  "BEARER_TOKEN_MW_OPTIONS": Object {
    "audience": "access",
    "issuer": "https://test.lindorm.io/",
  },
  "CRYPTO_PASSWORD_OPTIONS": Object {
    "aesSecret": "secret",
    "shaSecret": "secret",
  },
  "CRYPTO_SECRET_OPTIONS": Object {
    "aesSecret": "secret",
    "shaSecret": "secret",
  },
  "HOST": "http://localhost/",
  "JWT_ACCESS_TOKEN_EXPIRY": "2 minutes",
  "JWT_AUTHORIZATION_TOKEN_EXPIRY": "45 minutes",
  "JWT_IDENTITY_TOKEN_EXPIRY": "1 days",
  "JWT_ISSUER": "https://test.lindorm.io/",
  "JWT_MULTI_FACTOR_TOKEN_EXPIRY": "30 minutes",
  "JWT_REFRESH_TOKEN_EXPIRY": "1 days",
  "MAIL_HANDLER_CONFIG": Object {
    "apiKey": "api-key",
    "domain": "test.lindorm.io",
    "environment": "test",
    "from": "noreply@lindorm.io",
  },
  "MONGO_CONNECTION_OPTIONS": Object {
    "auth": Object {
      "password": "password",
      "user": "root",
    },
    "databaseName": "authentication",
    "type": "STORAGE",
    "url": Object {
      "host": "localhost",
      "port": 27017,
    },
  },
  "NODE_ENVIRONMENT": "test",
  "OTP_HANDLER_OPTIONS": Object {
    "issuer": "test.lindorm.io",
    "secret": "secret",
  },
  "REDIS_CONNECTION_OPTIONS": Object {
    "port": 6379,
    "type": "CACHE",
  },
  "SERVER_PORT": 3000,
  "TOKEN_ISSUER_MW_OPTIONS": Object {
    "issuer": "https://test.lindorm.io/",
  },
}
`;
