// Jest Snapshot v1, https://goo.gl/fbAQLP

exports[`config should provide configuration 1`] = `
Object {
  "BEARER_AUTH_MW_OPTIONS": Object {
    "audience": "access",
    "issuer": "https://test.authentication.lindorm.io",
  },
  "CRYPTO_PASSWORD_OPTIONS": Object {
    "aesSecret": "secret",
    "shaSecret": "secret",
  },
  "CRYPTO_SECRET_OPTIONS": Object {
    "aesSecret": "secret",
    "shaSecret": "secret",
  },
  "DEVICE_SERVICE_BASE_URL": "https://test.device.lindorm.io",
  "DEVICE_SERVICE_BASIC_AUTH": Object {
    "password": "secret",
    "username": "secret",
  },
  "HOST": "https://test.authentication.lindorm.io",
  "IDENTITY_SERVICE_BASE_URL": "https://test.identity.lindorm.io",
  "IDENTITY_SERVICE_BASIC_AUTH": Object {
    "password": "secret",
    "username": "secret",
  },
  "IS_TEST": true,
  "JWT_ACCESS_TOKEN_EXPIRY": "2 minutes",
  "JWT_AUTHORIZATION_TOKEN_EXPIRY": "45 minutes",
  "JWT_IDENTITY_TOKEN_EXPIRY": "1 days",
  "JWT_ISSUER": "https://test.authentication.lindorm.io",
  "JWT_MULTI_FACTOR_TOKEN_EXPIRY": "30 minutes",
  "JWT_REFRESH_TOKEN_EXPIRY": "1 days",
  "MAIL_HANDLER_CONFIG": Object {
    "apiKey": "api-key",
    "domain": "test.lindorm.io",
    "environment": "test",
    "from": "auth@lindorm.io",
  },
  "MONGO_CONNECTION_OPTIONS": Object {
    "auth": Object {
      "password": "example",
      "user": "root",
    },
    "databaseName": "authentication",
    "type": "STORAGE",
    "url": Object {
      "host": "localhost",
      "port": 27017,
    },
  },
  "NODE_ENVIRONMENT": "test",
  "OTP_HANDLER_OPTIONS": Object {
    "issuer": "test.authentication.lindorm.io",
    "secret": "secret",
  },
  "REDIS_CONNECTION_OPTIONS": Object {
    "port": 6379,
    "type": "CACHE",
  },
  "SERVER_PORT": 3000,
  "TOKEN_ISSUER_MW_OPTIONS": Object {
    "issuer": "https://test.authentication.lindorm.io",
  },
}
`;
