// Jest Snapshot v1, https://goo.gl/fbAQLP

exports[`mergeConfig should prioritize primary input 1`] = `
Object {
  "ACCOUNT_OTP_ISSUER": "test.lindorm.io",
  "CRYPTO_AES_SECRET": "secret",
  "CRYPTO_SHA_SECRET": "secret",
  "HOST": "http://localhost/",
  "JWT_ACCESS_TOKEN_EXPIRY": "2 minutes",
  "JWT_AUTHORIZATION_TOKEN_EXPIRY": "45 minutes",
  "JWT_IDENTITY_TOKEN_EXPIRY": "1 days",
  "JWT_ISSUER": "https://test.lindorm.io/",
  "JWT_MULTI_FACTOR_TOKEN_EXPIRY": "30 minutes",
  "JWT_REFRESH_TOKEN_EXPIRY": "1 days",
  "MAILGUN_API_KEY": "api-key",
  "MAILGUN_DOMAIN": "test.lindorm.io",
  "MAILGUN_FROM": "noreply@lindorm.io",
  "MONGO_DB_NAME": "authentication",
  "MONGO_EXPOSE_PORT": 27017,
  "MONGO_HOST": "localhost",
  "MONGO_INITDB_ROOT_PASSWORD": "password",
  "MONGO_INITDB_ROOT_USERNAME": "root",
  "NODE_ENVIRONMENT": "test",
  "REDIS_PORT": 6379,
  "SERVER_PORT": 3000,
}
`;
