// Jest Snapshot v1, https://goo.gl/fbAQLP

exports[`findOrCreateAccount should return an account 1`] = `
Account {
  "_created": 2020-01-01T07:00:00.000Z,
  "_email": "test@lindorm.io",
  "_events": Array [
    Object {
      "date": 2020-01-01T07:00:00.000Z,
      "name": "account_created",
      "payload": Object {
        "created": 2020-01-01T07:00:00.000Z,
        "email": "test@lindorm.io",
        "otp": Object {
          "signature": null,
          "uri": null,
        },
        "password": Object {
          "signature": null,
          "updated": null,
        },
        "permission": "user",
        "updated": 2020-01-01T07:00:00.000Z,
      },
    },
  ],
  "_id": "be3a62d1-24a0-401c-96dd-3aff95356811",
  "_identityId": null,
  "_otp": Object {
    "signature": null,
    "uri": null,
  },
  "_password": Object {
    "signature": null,
    "updated": null,
  },
  "_permission": "user",
  "_updated": 2020-01-01T07:00:00.000Z,
  "_version": 0,
}
`;
