// Jest Snapshot v1, https://goo.gl/fbAQLP

exports[`getAccountSessions should return a list of devices 1`] = `
Array [
  Object {
    "agent": Object {
      "browser": null,
      "geoIp": null,
      "os": null,
      "platform": null,
      "source": null,
      "version": null,
    },
    "created": 2020-01-01T07:00:00.000Z,
    "expires": 2999-12-12T11:12:12.000Z,
    "id": "be3a62d1-24a0-401c-96dd-3aff95356811",
    "scope": "default",
    "updated": 2020-01-01T07:00:00.000Z,
  },
]
`;
