// Jest Snapshot v1, https://goo.gl/fbAQLP

exports[`getAuthorizationToken should return an authorization token 1`] = `
Object {
  "expires": 4070908800,
  "expiresIn": 2493046800,
  "id": "4923fabc-aab2-4804-b92b-2aa96c4999a1",
  "token": Object {
    "aud": "authorization",
    "cid": "9ba5e0c5-f2aa-4706-a27d-66369b547b0b",
    "did": "deviceId",
    "exp": 4070908800,
    "iat": 1577862000,
    "iss": "https://test.authentication.lindorm.io",
    "jti": "4923fabc-aab2-4804-b92b-2aa96c4999a1",
    "nbf": 1577862000,
    "sub": "email@lindorm.io",
  },
}
`;
