// Jest Snapshot v1, https://goo.gl/fbAQLP

exports[`getRefreshToken should return a refresh token 1`] = `
Object {
  "expires": 32501992332,
  "expiresIn": 30924130332,
  "id": "refreshId",
  "level": undefined,
  "token": Object {
    "amr": "authMethodsReference",
    "aud": "refresh",
    "cid": "be3a62d1-24a0-401c-96dd-3aff95356811",
    "did": "deviceId",
    "exp": 32501992332,
    "iam": "user",
    "iat": 1577862000,
    "iss": "https://test.authentication.lindorm.io",
    "jti": "refreshId",
    "nbf": 1577862000,
    "sco": "scope",
    "sub": "be3a62d1-24a0-401c-96dd-3aff95356811",
  },
}
`;
