// Jest Snapshot v1, https://goo.gl/fbAQLP

exports[`/.well-known GET /openid-configuration 1`] = `
Object {
  "authorization_endpoint": "https://test.authentication.lindorm.io/oauth/authorization",
  "claims_parameter_supported": false,
  "grant_types_supported": Array [
    "pin_code",
    "biometrics",
    "email_link",
    "mfa-otp",
    "password",
    "refresh_token",
  ],
  "id_token_encryption_alg_values_supported": Array [],
  "id_token_encryption_enc_values_supported": Array [],
  "id_token_signing_alg_values_supported": Array [
    "ES512",
    "RS512",
  ],
  "issuer": "https://test.authentication.lindorm.io",
  "jwks_uri": "https://test.authentication.lindorm.io/.well-known/jwks",
  "request_parameter_supported": false,
  "request_uri_parameter_supported": false,
  "response_types_supported": Array [
    "token",
    "id_token",
    "code",
  ],
  "scopes_supported": Array [
    "default",
    "edit",
    "openid",
  ],
  "subject_types_supported": Array [],
  "token_endpoint": "https://test.authentication.lindorm.io/oauth/token",
  "token_endpoint_auth_methods_supported": Array [
    "biometrics",
    "email",
    "pin",
    "pwd",
    "token",
  ],
  "token_endpoint_auth_signing_alg_values_supported": Array [
    "ES512",
    "RS512",
  ],
  "userinfo_endpoint": "https://test.authentication.lindorm.io/userinfo",
}
`;
